// Jest Snapshot v1, https://goo.gl/fbAQLP

exports[`<Step2 /> renders correctly with 7 textcontrol fields 1`] = `
<Styled(MuiBox)
  boxShadow={2}
  style={
    Object {
      "backgroundColor": "rgba(229, 229, 229, 0.35)",
      "padding": "0 10%",
    }
  }
>
  <WithStyles(ForwardRef(Grid))
    container={true}
    direction="column"
    style={
      Object {
        "paddingBottom": "50px",
      }
    }
  >
    <WithStyles(ForwardRef(Grid))
      container={true}
      direction="row"
    >
      <WithStyles(ForwardRef(Grid))
        item={true}
        xs={12}
      >
        <TextControl
          helperText=""
          id="name"
          label="Nome completo"
          name="nome"
          onChange={[Function]}
        />
      </WithStyles(ForwardRef(Grid))>
      <WithStyles(ForwardRef(Grid))
        item={true}
        sm={6}
        xs={12}
      >
        <TextControl
          helperText=""
          id="address"
          label="Rua"
          name="rua"
          onChange={[Function]}
        />
      </WithStyles(ForwardRef(Grid))>
      <WithStyles(ForwardRef(Grid))
        item={true}
        sm={2}
        xs={12}
      >
        <TextControl
          helperText=""
          id="number"
          label="Número"
          name="numero"
          onChange={[Function]}
          placeholder="123"
        />
      </WithStyles(ForwardRef(Grid))>
      <WithStyles(ForwardRef(Grid))
        item={true}
        sm={4}
        xs={12}
      >
        <TextControl
          helperText=""
          id="bairro"
          label="Bairro"
          name="bairro"
          onChange={[Function]}
        />
      </WithStyles(ForwardRef(Grid))>
      <WithStyles(ForwardRef(Grid))
        item={true}
        sm={6}
        xs={12}
      >
        <TextControl
          helperText=""
          id="city"
          label="Cidade"
          name="cidade"
          onChange={[Function]}
        />
      </WithStyles(ForwardRef(Grid))>
      <WithStyles(ForwardRef(Grid))
        item={true}
        sm={3}
        xs={12}
      >
        <TextControl
          helperText=""
          id="state"
          label="Estado"
          name="estado"
          onChange={[Function]}
        />
      </WithStyles(ForwardRef(Grid))>
      <WithStyles(ForwardRef(Grid))
        item={true}
        sm={3}
        xs={12}
      >
        <TextControl
          helperText=""
          id="cep"
          label="Cep"
          name="cep"
          onChange={[Function]}
          placeholder="00000-000"
        />
      </WithStyles(ForwardRef(Grid))>
    </WithStyles(ForwardRef(Grid))>
  </WithStyles(ForwardRef(Grid))>
</Styled(MuiBox)>
`;
